// Jest Snapshot v1, https://goo.gl/fbAQLP

exports[`Floor exists 1`] = `
<Floor
  firstLevel={false}
  lastLevel={false}
  level={1}
>
  <div>
    <span>
      Floor 
      1
    </span>
    <Component
      downButton={true}
      upButton={true}
    >
      <ul>
        <li>
          Up
        </li>
        <li>
          Down
        </li>
      </ul>
    </Component>
  </div>
</Floor>
`;
