// Jest Snapshot v1, https://goo.gl/fbAQLP

exports[`LiftPanel highlighs the currentLevel 1`] = `
<LiftPanel
  currentLevel={3}
  floors={5}
  highlightedButtons={Set {}}
>
  <div>
    <span>
      Lift's panel
    </span>
    <ul>
      <li
        key="4"
      >
        <button>
          5
        </button>
      </li>
      <li
        key="3"
      >
        <button>
          4
        </button>
      </li>
      <li
        className="active"
        key="2"
      >
        <button>
          3
        </button>
      </li>
      <li
        key="1"
      >
        <button>
          2
        </button>
      </li>
      <li
        key="0"
      >
        <button>
          1
        </button>
      </li>
    </ul>
  </div>
</LiftPanel>
`;
